TAP version 13
# Subtest: references resolve against the published catalogue and preserve ranges
ok 1 - references resolve against the published catalogue and preserve ranges
  ---
  duration_ms: 29.994583
  ...
# Subtest: ambiguous, compound and invalid references are not silently rewritten
ok 2 - ambiguous, compound and invalid references are not silently rewritten
  ---
  duration_ms: 0.885084
  ...
# Subtest: routes preserve page zero and compound columns; verse view belongs inside the hash
ok 3 - routes preserve page zero and compound columns; verse view belongs inside the hash
  ---
  duration_ms: 0.622375
  ...
# Subtest: concurrent consumers share a request and failures can be retried
ok 4 - concurrent consumers share a request and failures can be retried
  ---
  duration_ms: 3.885208
  ...
# Subtest: missing work analysis is distinct from a failed request and wrong-work data
ok 5 - missing work analysis is distinct from a failed request and wrong-work data
  ---
  duration_ms: 1.889916
  ...
# Subtest: resource helper never sends arbitrary URLs or traverses outside published resources
ok 6 - resource helper never sends arbitrary URLs or traverses outside published resources
  ---
  duration_ms: 0.558209
  ...
# Subtest: identifier resolution verifies holdings without moving page references to another edition
ok 7 - identifier resolution verifies holdings without moving page references to another edition
  ---
  duration_ms: 0.683292
  ...
# Subtest: a transient author-roster failure is retryable without losing successful shelves
ok 8 - a transient author-roster failure is retryable without losing successful shelves
  ---
  duration_ms: 3.426292
  ...
# Subtest: author grouping preserves shelf-specific routes without adding overlapping counts
ok 9 - author grouping preserves shelf-specific routes without adding overlapping counts
  ---
  duration_ms: 0.587834
  ...
# Subtest: dates outrank unreliable era flags, missing dates stay undated
ok 10 - dates outrank unreliable era flags, missing dates stay undated
  ---
  duration_ms: 0.589209
  ...
# Subtest: topic evidence includes people beyond the truncated author roster
ok 11 - topic evidence includes people beyond the truncated author roster
  ---
  duration_ms: 0.141791
  ...
# Subtest: milestone strings and zero survive notebook serialization
ok 12 - milestone strings and zero survive notebook serialization
  ---
  duration_ms: 0.125541
  ...
# Subtest: shared topic pages deduplicate repeats across exports without inferring missing pages
ok 13 - shared topic pages deduplicate repeats across exports without inferring missing pages
  ---
  duration_ms: 0.692375
  ...
# Subtest: historical index reader links preserve exact anchors and reject off-site or active URLs
ok 14 - historical index reader links preserve exact anchors and reject off-site or active URLs
  ---
  duration_ms: 0.185209
  ...
# Subtest: accent-insensitive discovery does not alter source labels
ok 15 - accent-insensitive discovery does not alter source labels
  ---
  duration_ms: 0.130833
  ...
# Subtest: anonymous shelf records and ambiguous topic metadata stay separate
ok 16 - anonymous shelf records and ambiguous topic metadata stay separate
  ---
  duration_ms: 0.069791
  ...
# Subtest: work graph references resolve only an unambiguous recorded Bible chapter
ok 17 - work graph references resolve only an unambiguous recorded Bible chapter
  ---
  duration_ms: 1.045708
  ...
# Subtest: inline previews keep exact source routes and exclude external destinations
ok 18 - inline previews keep exact source routes and exclude external destinations
  ---
  duration_ms: 1.330625
  ...
# Subtest: extraction notes stay distinct from legitimate specialist topics
ok 19 - extraction notes stay distinct from legitimate specialist topics
  ---
  duration_ms: 0.158333
  ...
# Subtest: connection summaries exclude raw labels while retaining legitimate shared subjects
ok 20 - connection summaries exclude raw labels while retaining legitimate shared subjects
  ---
  duration_ms: 0.125042
  ...
# Subtest: patristic citations accept Arabic and Roman volume numbers without prefix matching
ok 21 - patristic citations accept Arabic and Roman volume numbers without prefix matching
  ---
  duration_ms: 0.6225
  ...
# Subtest: edition labels preserve column identifiers and do not invent PO column ranges
ok 22 - edition labels preserve column identifiers and do not invent PO column ranges
  ---
  duration_ms: 0.237875
  ...
# Subtest: works follow numeric volume and column order while distinct records remain separate
ok 23 - works follow numeric volume and column order while distinct records remain separate
  ---
  duration_ms: 1.075041
  ...
# Subtest: recorded Roman-numbered volumes keep their printed labels and sort numerically
ok 24 - recorded Roman-numbered volumes keep their printed labels and sort numerically
  ---
  duration_ms: 1.377291
  ...
# Subtest: a shelf topic count uses the published page label, never a graph weight
ok 25 - a shelf topic count uses the published page label, never a graph weight
  ---
  duration_ms: 0.20525
  ...
# Subtest: page references combine room and map samples without truncating columns or inventing links
ok 26 - page references combine room and map samples without truncating columns or inventing links
  ---
  duration_ms: 0.156834
  ...
# Subtest: map references require an exact topic and author prefix
ok 27 - map references require an exact topic and author prefix
  ---
  duration_ms: 0.09325
  ...
# Subtest: topic routes retain the selected shelf and reject unrecognized scope
ok 28 - topic routes retain the selected shelf and reject unrecognized scope
  ---
  duration_ms: 0.032458
  ...
# Subtest: author matching accepts reordered names, accents, variants and accidental spaces
ok 29 - author matching accepts reordered names, accents, variants and accidental spaces
  ---
  duration_ms: 1.34525
  ...
# Subtest: connections recover classifier chatter onto its topic and keep clean labels (09-13)
ok 30 - connections recover classifier chatter onto its topic and keep clean labels (09-13)
  ---
  duration_ms: 1.726333
  ...
# Subtest: Leibniz series retain Roman volume order, including the preliminary fifth volume
ok 31 - Leibniz series retain Roman volume order, including the preliminary fifth volume
  ---
  duration_ms: 26.254375
  ...
# Subtest: different collected-work series stay separate and subvolumes sort numerically
ok 32 - different collected-work series stay separate and subvolumes sort numerically
  ---
  duration_ms: 1.241292
  ...
# Subtest: published edition grouping order wins without hiding any witness
ok 33 - published edition grouping order wins without hiding any witness
  ---
  duration_ms: 0.770833
  ...
# Subtest: canonical catalogue metadata orders evidence rows whose labels omit volumes
ok 34 - canonical catalogue metadata orders evidence rows whose labels omit volumes
  ---
  duration_ms: 0.565208
  ...
# Subtest: work folds keep the largest work expanded after ordering its series
ok 35 - work folds keep the largest work expanded after ordering its series
  ---
  duration_ms: 3.647709
  ...
# Subtest: the research shell still parses after shared ordering integration
ok 36 - the research shell still parses after shared ordering integration
  ---
  duration_ms: 4.209375
  ...
# Subtest: topic redraws register one metadata listener rather than multiplying listeners
ok 37 - topic redraws register one metadata listener rather than multiplying listeners
  ---
  duration_ms: 2.041125
  ...
# Subtest: parts of a volume precede later unsplit volumes
ok 38 - parts of a volume precede later unsplit volumes
  ---
  duration_ms: 0.787542
  ...
# Subtest: the nine shelves match the library and preserve the Reformed API value
ok 39 - the nine shelves match the library and preserve the Reformed API value
  ---
  duration_ms: 1.269541
  ...
# Subtest: scope filters cannot leak another shelf or an unresolved work
ok 40 - scope filters cannot leak another shelf or an unresolved work
  ---
  duration_ms: 1.933541
  ...
# Subtest: Pagefind receives native shelf and OR author filters before result paging
ok 41 - Pagefind receives native shelf and OR author filters before result paging
  ---
  duration_ms: 1.989125
  ...
# Subtest: reader links retain compound identifiers and page zero, and reject external origins
ok 42 - reader links retain compound identifiers and page zero, and reject external origins
  ---
  duration_ms: 2.380833
  ...
# Subtest: Scripture parser accepts aliases, Roman chapters, numbered books and bounded verse lists/ranges
ok 43 - Scripture parser accepts aliases, Roman chapters, numbered books and bounded verse lists/ranges
  ---
  duration_ms: 2.460125
  ...
# Subtest: verse searches exclude chapter-only guesses and disclose capped published records
ok 44 - verse searches exclude chapter-only guesses and disclose capped published records
  ---
  duration_ms: 1.172917
  ...
# Subtest: Scripture grouping preserves verse membership on a shared source page
ok 45 - Scripture grouping preserves verse membership on a shared source page
  ---
  duration_ms: 0.462125
  ...
# Subtest: patristic matches resolve to held works without inventing exact reader anchors
ok 46 - patristic matches resolve to held works without inventing exact reader anchors
  ---
  duration_ms: 0.864625
  ...
# Subtest: idea-service errors do not masquerade as zero matches
ok 47 - idea-service errors do not masquerade as zero matches
  ---
  duration_ms: 0.588916
  ...
# Subtest: search inline scripts parse
ok 48 - search inline scripts parse
  ---
  duration_ms: 3.274958
  ...
# Subtest: page windows are bounded and never grow with navigation
ok 49 - page windows are bounded and never grow with navigation
  ---
  duration_ms: 0.461291
  ...
# Subtest: broader ranked pools merge duplicates by rank rather than incomparable provider scores
ok 50 - broader ranked pools merge duplicates by rank rather than incomparable provider scores
  ---
  duration_ms: 0.152833
  ...
# Subtest: broader patristic responses keep known works and never convert row IDs into page IDs
ok 51 - broader patristic responses keep known works and never convert row IDs into page IDs
  ---
  duration_ms: 0.05425
  ...
# Subtest: standard groups use published Westminster membership and exact party metadata
ok 52 - standard groups use published Westminster membership and exact party metadata
  ---
  duration_ms: 0.088875
  ...
# Subtest: group filters reach Pagefind and organization preserves the full result list
ok 53 - group filters reach Pagefind and organization preserves the full result list
  ---
  duration_ms: 6.638708
  ...
# Subtest: unavailable Scripture works are identified without asserting they have a held reader
ok 54 - unavailable Scripture works are identified without asserting they have a held reader
  ---
  duration_ms: 0.261584
  ...
# Subtest: separate printed citations in one work remain separate ranked matches
ok 55 - separate printed citations in one work remain separate ranked matches
  ---
  duration_ms: 0.293083
  ...
1..55
# tests 55
# suites 0
# pass 55
# fail 0
# cancelled 0
# skipped 0
# todo 0
# duration_ms 121.430708
